// Jest Snapshot v1, https://goo.gl/fbAQLP

exports[`<App /> renders correctly 1`] = `
<div
  className="Overall-Grid-Parent"
>
  <div>
    <div>
      <div>
        <div>
          <div
            className="Main-Grid-Parent Main-Flex-Parent"
          >
            <div
              className="Main-Text-Emph Line1"
            >
              <img
                className="InlineL"
                src="transparent.png"
              />
              React Redux Front-End Developer.
            </div>
            <div
              className="Main-Text-Deemph Line2"
            >
              <img
                className="InlineL"
                src="transparent.png"
              />
              Jeffrey Gunn
            </div>
            <div
              className="Main-Text-Emph Line3"
            >
              <img
                className="InlineL"
                src="transparent.png"
              />
               Let's work together. [||]
            </div>
          </div>
        </div>
      </div>
    </div>
  </div>
  <div>
    <div>
      <div
        className="Nav-Background"
      >
        <div
          className="Nav-Grid-Parent Nav-Flex-Parent"
        >
          <div>
            <div
              className="Nav-Unselected"
            >
              Résumé
            </div>
          </div>
          <div
            className="Nav-Unselected"
          >
            <div>
              <div>
                <button
                  onClick={[Function]}
                >
                  icon
                </button>
              </div>
              <div>
                Bio
              </div>
            </div>
          </div>
          <div
            className="Nav-Selected"
          >
            <div>
              <div>
                <button
                  onClick={[Function]}
                >
                  icon
                </button>
              </div>
              <div>
                Main
              </div>
            </div>
          </div>
          <div
            className="Nav-Unselected"
          >
            <div>
              <div>
                <button
                  onClick={[Function]}
                >
                  icon
                </button>
              </div>
              <div>
                Portfolio
              </div>
            </div>
          </div>
          <div
            className="Nav-Unselected"
          >
            <div>
              <div>
                <button
                  onClick={[Function]}
                >
                  icon
                </button>
              </div>
              <div>
                Github
              </div>
            </div>
          </div>
          <div
            className="Spacer"
          />
        </div>
         
      </div>
    </div>
  </div>
</div>
`;
